// Jest Snapshot v1, https://goo.gl/fbAQLP

exports[`Should render Reviews component correctly 1`] = `
<div
  className="movie-card__reviews movie-card__row"
>
  <div
    className="movie-card__reviews-col"
  >
    <div
      className="review"
    >
      <blockquote
        className="review__quote"
      >
        <p
          className="review__text"
        >
          123213
        </p>
        <footer
          className="review__details"
        >
          <cite
            className="review__author"
          >
            asdw
          </cite>
          <time
            className="review__date"
            dateTime="123"
          >
            January 1, 123
          </time>
        </footer>
      </blockquote>
      <div
        className="review__rating"
      >
        111
      </div>
    </div>
  </div>
  <div
    className="movie-card__reviews-col"
  >
    <div
      className="review"
    >
      <blockquote
        className="review__quote"
      >
        <p
          className="review__text"
        >
          hi
        </p>
        <footer
          className="review__details"
        >
          <cite
            className="review__author"
          >
            asdwssss
          </cite>
          <time
            className="review__date"
            dateTime="123"
          >
            January 1, 123
          </time>
        </footer>
      </blockquote>
      <div
        className="review__rating"
      >
        6664
      </div>
    </div>
  </div>
</div>
`;
