// Jest Snapshot v1, https://goo.gl/fbAQLP

exports[`withError is rendered correctly 1`] = `<div />`;
