// Jest Snapshot v1, https://goo.gl/fbAQLP

exports[`Should render VideoPlayer component with controls correctly 1`] = `
Array [
  <video
    className="player__video"
    width="100%"
  />,
  <button
    className="player__exit"
    onClick={[Function]}
    type="button"
  >
    Exit
  </button>,
  <div
    className="player__controls"
  >
    <div
      className="player__controls-row"
    >
      <div
        className="player__time"
      >
        <progress
          className="player__progress"
          max="100"
          value={false}
        />
        <div
          className="player__toggler"
          style={
            Object {
              "left": "false%",
            }
          }
        >
          Toggler
        </div>
      </div>
      <div
        className="player__time-value"
      >
        00:00
      </div>
    </div>
    <div
      className="player__controls-row"
    >
      <button
        className="player__play"
        onClick={[Function]}
        type="button"
      >
        <svg
          height="19"
          viewBox="0 0 19 19"
          width="19"
        >
          <use
            xlinkHref="#pause"
          />
        </svg>
        <span>
          Pause
        </span>
      </button>
      <div
        className="player__name"
      >
        Transpotting
      </div>
      <button
        className="player__full-screen"
        onClick={[Function]}
        type="button"
      >
        <svg
          height="27"
          viewBox="0 0 27 27"
          width="27"
        >
          <use
            xlinkHref="#full-screen"
          />
        </svg>
        <span>
          Full screen
        </span>
      </button>
    </div>
  </div>,
]
`;

exports[`Should render VideoPlayer component without controls correctly 1`] = `
<video
  className="player__video"
  width="100%"
/>
`;
