// Jest Snapshot v1, https://goo.gl/fbAQLP

exports[`Should render VideoPlayer component correctly 1`] = `
<video
  controls={true}
  muted={true}
  width="100%"
/>
`;
