// Jest Snapshot v1, https://goo.gl/fbAQLP

exports[`Should render MovieCard component correctly 1`] = `
<article
  className="small-movie-card catalog__movies-card"
  onMouseEnter={[Function]}
  onMouseOut={[Function]}
>
  <a
    href="/films/1"
    onClick={[Function]}
  >
    <div
      className="small-movie-card__image"
    >
      <img
        alt=""
        height="175"
        src=""
        width="280"
      />
    </div>
  </a>
  <h3
    className="small-movie-card__title"
  >
    <a
      className="small-movie-card__link"
      href="/films/1"
      onClick={[Function]}
    >
      
    </a>
  </h3>
</article>
`;
