// Jest Snapshot v1, https://goo.gl/fbAQLP

exports[`Should render VideoPreview component correctly 1`] = `
<video
  width="100%"
/>
`;
