// Jest Snapshot v1, https://goo.gl/fbAQLP

exports[`withHover is rendered correctly 1`] = `<div />`;
