// Jest Snapshot v1, https://goo.gl/fbAQLP

exports[`Should render MoreLikeThis component correctly 1`] = `
<section
  className="catalog catalog--like-this"
>
  <h2
    className="catalog__title"
  >
    More like this
  </h2>
  <div
    className="catalog__movies-list"
  >
    <article
      className="small-movie-card catalog__movies-card"
      onMouseEnter={[Function]}
      onMouseOut={[Function]}
    >
      <a
        href="/films/5"
        onClick={[Function]}
      >
        <div
          className="small-movie-card__image"
        >
          <img
            alt="We need to talk about Kevin"
            height="175"
            src=""
            width="280"
          />
        </div>
      </a>
      <h3
        className="small-movie-card__title"
      >
        <a
          className="small-movie-card__link"
          href="/films/5"
          onClick={[Function]}
        >
          We need to talk about Kevin
        </a>
      </h3>
    </article>
    <article
      className="small-movie-card catalog__movies-card"
      onMouseEnter={[Function]}
      onMouseOut={[Function]}
    >
      <a
        href="/films/6"
        onClick={[Function]}
      >
        <div
          className="small-movie-card__image"
        >
          <img
            alt="What We Do in the Shadows"
            height="175"
            src=""
            width="280"
          />
        </div>
      </a>
      <h3
        className="small-movie-card__title"
      >
        <a
          className="small-movie-card__link"
          href="/films/6"
          onClick={[Function]}
        >
          What We Do in the Shadows
        </a>
      </h3>
    </article>
    <article
      className="small-movie-card catalog__movies-card"
      onMouseEnter={[Function]}
      onMouseOut={[Function]}
    >
      <a
        href="/films/7"
        onClick={[Function]}
      >
        <div
          className="small-movie-card__image"
        >
          <img
            alt="Revenant"
            height="175"
            src=""
            width="280"
          />
        </div>
      </a>
      <h3
        className="small-movie-card__title"
      >
        <a
          className="small-movie-card__link"
          href="/films/7"
          onClick={[Function]}
        >
          Revenant
        </a>
      </h3>
    </article>
    <article
      className="small-movie-card catalog__movies-card"
      onMouseEnter={[Function]}
      onMouseOut={[Function]}
    >
      <a
        href="/films/8"
        onClick={[Function]}
      >
        <div
          className="small-movie-card__image"
        >
          <img
            alt="Johnny English"
            height="175"
            src=""
            width="280"
          />
        </div>
      </a>
      <h3
        className="small-movie-card__title"
      >
        <a
          className="small-movie-card__link"
          href="/films/8"
          onClick={[Function]}
        >
          Johnny English
        </a>
      </h3>
    </article>
  </div>
</section>
`;
